make[1]: Entering directory `/home/guicho/repos/presentations/2016-7-20-nasuno'
make[1]: warning: -jN forced in submake: disabling jobserver mode.
make -C img
make -C css
make -C scripts
make[2]: Entering directory `/home/guicho/repos/presentations/2016-7-20-nasuno/css'
sass --update .
make[2]: Entering directory `/home/guicho/repos/presentations/2016-7-20-nasuno/scripts'
make[2]: Nothing to be done for `all'.
make[2]: Leaving directory `/home/guicho/repos/presentations/2016-7-20-nasuno/scripts'
scripts/org-html.sh presen.org presen.org.html
make[2]: Entering directory `/home/guicho/repos/presentations/2016-7-20-nasuno/img'
make[2]: Nothing to be done for `all'.
make[2]: Leaving directory `/home/guicho/repos/presentations/2016-7-20-nasuno/img'
Loading /home/guicho/repos/presentations/2016-7-20-nasuno/scripts/compile-org-html.el (source)...
make[2]: Leaving directory `/home/guicho/repos/presentations/2016-7-20-nasuno/css'
Loading vc-git...
Warning: defvar ignored because org-agenda-archives-mode is let-bound
Warning: defvar ignored because org-agenda-skip-comment-trees is let-bound
Warning: defvar ignored because org-agenda-skip-function is let-bound
Saving file /home/guicho/repos/presentations/2016-7-20-nasuno/presen.org.html...
Wrote /home/guicho/repos/presentations/2016-7-20-nasuno/presen.org.html
cp -f presen.org.html index.html
make[1]: Leaving directory `/home/guicho/repos/presentations/2016-7-20-nasuno'
